<html>
<body>
<pre>
<h1>礦ision Build Log</h1>
<h2>Tool Versions:</h2>
IDE-Version: μVision V5.14.0.0
Copyright (C) 2015 ARM Ltd and ARM Germany GmbH. All rights reserved.
License Information: Microsoft Microsoft, Microsoft, LIC=LJWQD-883CI-F17PT-RHDLF-MI3FY-6Y5V2
 
Tool Versions:
Toolchain:       MDK-ARM Professional  Version: 5.14.0.0
Toolchain Path:  C:\Keil_v5\ARM\ARMCC\Bin
C Compiler:      Armcc.exe V5.05 update 1 (build 106)
Assembler:       Armasm.exe V5.05 update 1 (build 106)
Linker/Locator:  ArmLink.exe V5.05 update 1 (build 106)
Library Manager: ArmAr.exe V5.05 update 1 (build 106)
Hex Converter:   FromElf.exe V5.05 update 1 (build 106)
CPU DLL:         SARMCM3.DLL V5.14.0.0
Dialog DLL:      DARMSTM.DLL V1.65.0.0
Target DLL:      Segger\JL2CM3.dll V2.99.13.0
Dialog DLL:      TARMSTM.DLL V1.64.0.0
 
<h2>Project:</h2>
E:\handle\Project\Project.uvprojx
Project File Date:  12/19/2015

<h2>Output:</h2>
Build target 'MINISTM32'
compiling main.c...
..\my_file\configuration.h(16): warning:  #1295-D: Deprecated declaration TIM4_Configuration - give arg types
  void TIM4_Configuration();
..\my_file\configuration.h(18): warning:  #1295-D: Deprecated declaration nvic_config - give arg types
  void nvic_config();
..\my_file\global.h(16): warning:  #1-D: last line of file ends without a newline
  void delay_ms(uint16_t ms);
..\my_file\configuration.h(16): warning:  #1295-D: Deprecated declaration TIM4_Configuration - give arg types
  void TIM4_Configuration();
..\my_file\configuration.h(18): warning:  #1295-D: Deprecated declaration nvic_config - give arg types
  void nvic_config();
..\my_file\handler.h(18): warning:  #1295-D: Deprecated declaration lunxun - give arg types
  void lunxun();
..\my_file\handler.h(19): warning:  #1295-D: Deprecated declaration press - give arg types
  void press();                      //根据按键值执行
..\my_file\handler.h(22): warning:  #1295-D: Deprecated declaration control - give arg types
  int control();
..\my_file\handler.h(23): warning:  #1-D: last line of file ends without a newline
  void handler_test(void);
main.c(62): warning:  #177-D: variable "i" was declared but never referenced
        int i,j;
main.c(62): warning:  #177-D: variable "j" was declared but never referenced
        int i,j;
main.c: 11 warnings, 0 errors
compiling stm32f10x_it.c...
compiling configuration.c...
..\my_file\configuration.h(16): warning:  #1295-D: Deprecated declaration TIM4_Configuration - give arg types
  void TIM4_Configuration();
..\my_file\configuration.h(18): warning:  #1295-D: Deprecated declaration nvic_config - give arg types
  void nvic_config();
..\my_file\configuration.c: 2 warnings, 0 errors
compiling global.c...
..\my_file\configuration.h(16): warning:  #1295-D: Deprecated declaration TIM4_Configuration - give arg types
  void TIM4_Configuration();
..\my_file\configuration.h(18): warning:  #1295-D: Deprecated declaration nvic_config - give arg types
  void nvic_config();
..\my_file\global.h(16): warning:  #1-D: last line of file ends without a newline
  void delay_ms(uint16_t ms);
..\my_file\global.c: 3 warnings, 0 errors
compiling handler.c...
..\my_file\configuration.h(16): warning:  #1295-D: Deprecated declaration TIM4_Configuration - give arg types
  void TIM4_Configuration();
..\my_file\configuration.h(18): warning:  #1295-D: Deprecated declaration nvic_config - give arg types
  void nvic_config();
..\my_file\handler.h(18): warning:  #1295-D: Deprecated declaration lunxun - give arg types
  void lunxun();
..\my_file\handler.h(19): warning:  #1295-D: Deprecated declaration press - give arg types
  void press();                      //根据按键值执行
..\my_file\handler.h(22): warning:  #1295-D: Deprecated declaration control - give arg types
  int control();
..\my_file\handler.h(23): warning:  #1-D: last line of file ends without a newline
  void handler_test(void);
..\my_file\configuration.h(16): warning:  #1295-D: Deprecated declaration TIM4_Configuration - give arg types
  void TIM4_Configuration();
..\my_file\configuration.h(18): warning:  #1295-D: Deprecated declaration nvic_config - give arg types
  void nvic_config();
..\my_file\global.h(16): warning:  #1-D: last line of file ends without a newline
  void delay_ms(uint16_t ms);
..\my_file\handler.c: 9 warnings, 0 errors
compiling misc.c...
compiling stm32f10x_adc.c...
compiling stm32f10x_bkp.c...
compiling stm32f10x_can.c...
compiling stm32f10x_cec.c...
compiling stm32f10x_crc.c...
compiling stm32f10x_dac.c...
compiling stm32f10x_dbgmcu.c...
compiling stm32f10x_dma.c...
compiling stm32f10x_exti.c...
compiling stm32f10x_flash.c...
compiling stm32f10x_fsmc.c...
compiling stm32f10x_gpio.c...
compiling stm32f10x_i2c.c...
compiling stm32f10x_iwdg.c...
compiling stm32f10x_pwr.c...
compiling stm32f10x_rcc.c...
compiling stm32f10x_rtc.c...
compiling stm32f10x_sdio.c...
compiling stm32f10x_spi.c...
compiling stm32f10x_tim.c...
compiling stm32f10x_usart.c...
compiling stm32f10x_wwdg.c...
compiling system_stm32f10x.c...
compiling core_cm3.c...
assembling startup_stm32f10x_hd.s...
linking...
Program Size: Code=10076 RO-data=336 RW-data=208 ZI-data=1224  
FromELF: creating hex file...
".\MINISTM32\MINISTM32.axf" - 0 Error(s), 25 Warning(s).

<h2>Collection of Component include folders:</h2>
  E:\handle\Project\RTE
  C:\Keil_v5\ARM\PACK\Keil\STM32F1xx_DFP\1.0.5\Device\Include

<h2>Collection of Component Files used:</h2>
</pre>
</body>
</html>
